C:/Users/jerem/Documents/GitHub/ME433/FDCAN_Com_Polling/Src/main.c:78:5:main	40	static
C:/Users/jerem/Documents/GitHub/ME433/FDCAN_Com_Polling/Src/main.c:234:6:SystemClock_Config	64	static
C:/Users/jerem/Documents/GitHub/ME433/FDCAN_Com_Polling/Src/main.c:273:13:MX_FDCAN1_Init	8	static
C:/Users/jerem/Documents/GitHub/ME433/FDCAN_Com_Polling/Src/main.c:316:13:MX_GPIO_Init	16	static
C:/Users/jerem/Documents/GitHub/ME433/FDCAN_Com_Polling/Src/main.c:335:6:BSP_PB_Callback	16	static
C:/Users/jerem/Documents/GitHub/ME433/FDCAN_Com_Polling/Src/main.c:361:17:BufferCmp8b	24	static
C:/Users/jerem/Documents/GitHub/ME433/FDCAN_Com_Polling/Src/main.c:381:6:Error_Handler	8	static
